// Jest Snapshot v1, https://goo.gl/fbAQLP

exports[`renders correctly 1`] = `
<TextInput
  allowFontScaling={true}
  placeholder="Placeholder"
  rejectResponderTermination={true}
  underlineColorAndroid="transparent"
/>
`;
